[kamleshyadav.com/html/portfolio/html/bootstrap5/color_version/index.html]
[kamleshyadav.com/html/portfolio/html/bootstrap5/color_version/assets/css/bootstrap.min.css]
[kamleshyadav.com/html/portfolio/html/bootstrap5/color_version/assets/css/all.min.css]
[kamleshyadav.com/html/portfolio/html/bootstrap5/color_version/assets/css/font.css]
[kamleshyadav.com/html/portfolio/html/bootstrap5/color_version/assets/css/animate.css]
[kamleshyadav.com/html/portfolio/html/bootstrap5/color_version/assets/css/magnific-popup.css]
[kamleshyadav.com/html/portfolio/html/bootstrap5/color_version/assets/css/swiper.min.css]
[kamleshyadav.com/html/portfolio/html/bootstrap5/color_version/assets/css/jquery-jvectormap-2.0.3.css]
[kamleshyadav.com/html/portfolio/html/bootstrap5/color_version/assets/css/style.css]
[kamleshyadav.com/html/portfolio/html/bootstrap5/color_version/assets/css/scrollbar.css]
[kamleshyadav.com/html/portfolio/html/bootstrap5/color_version/assets/images/favicon.png]
[backblue.gif]
[fade.gif]
[index.html]
[kamleshyadav.com/html/portfolio/html/bootstrap5/color_version/assets/images/loader.gif]
[kamleshyadav.com/html/portfolio/html/bootstrap5/color_version/assets/images/profile.png]
[kamleshyadav.com/html/portfolio/html/bootstrap5/color_version/assets/images/men.jpg]
[kamleshyadav.com/html/portfolio/html/bootstrap5/color_version/assets/images/selfintro.jpg]
[kamleshyadav.com/html/portfolio/html/bootstrap5/color_version/assets/images/signature.png]
[kamleshyadav.com/html/portfolio/html/bootstrap5/color_version/assets/images/services/port_services01.png]
[kamleshyadav.com/html/portfolio/html/bootstrap5/color_version/assets/images/services/port_services02.png]
[kamleshyadav.com/html/portfolio/html/bootstrap5/color_version/assets/images/services/port_services03.png]
[kamleshyadav.com/html/portfolio/html/bootstrap5/color_version/assets/images/services/port_services04.png]
[kamleshyadav.com/html/portfolio/html/bootstrap5/color_version/assets/images/services/port_services05.png]
[kamleshyadav.com/html/portfolio/html/bootstrap5/color_version/assets/images/services/port_services06.png]
[kamleshyadav.com/html/portfolio/html/bootstrap5/color_version/assets/images/product/cv-product01.jpg]
[kamleshyadav.com/html/portfolio/html/bootstrap5/color_version/assets/images/product/cv-product02.jpg]
[kamleshyadav.com/html/portfolio/html/bootstrap5/color_version/assets/images/product/cv-product03.jpg]
[kamleshyadav.com/html/portfolio/html/bootstrap5/color_version/assets/images/product/cv-product09.jpg]
[kamleshyadav.com/html/portfolio/html/bootstrap5/color_version/assets/images/product/cv-product05.jpg]
[kamleshyadav.com/html/portfolio/html/bootstrap5/color_version/assets/images/product/cv-product06.jpg]
[kamleshyadav.com/html/portfolio/html/bootstrap5/color_version/assets/images/product/cv-product07.jpg]
[kamleshyadav.com/html/portfolio/html/bootstrap5/color_version/assets/images/product/cv-product04.jpg]
[kamleshyadav.com/html/portfolio/html/bootstrap5/color_version/assets/images/product/cv-product08.jpg]
[kamleshyadav.com/html/portfolio/html/bootstrap5/color_version/assets/images/port_testimonial01.jpg]
[kamleshyadav.com/html/portfolio/html/bootstrap5/color_version/assets/images/port_testimonial02.jpg]
[kamleshyadav.com/html/portfolio/html/bootstrap5/color_version/assets/images/port-blog1.jpg]
[kamleshyadav.com/html/portfolio/html/bootstrap5/color_version/blog.html]
[kamleshyadav.com/html/portfolio/html/bootstrap5/color_version/assets/images/port-blog2.jpg]
[kamleshyadav.com/html/portfolio/html/bootstrap5/color_version/assets/images/port-blog3.jpg]
[kamleshyadav.com/cdn-cgi/scripts/5c5dd728/cloudflare-static/email-decode.min.js]
[kamleshyadav.com/html/portfolio/html/bootstrap5/color_version/assets/js/jquery.min.js]
[kamleshyadav.com/html/portfolio/html/bootstrap5/color_version/assets/js/bootstrap.min.js]
[kamleshyadav.com/html/portfolio/html/bootstrap5/color_version/assets/js/cvtext1.js]
[kamleshyadav.com/html/portfolio/html/bootstrap5/color_version/assets/js/cvtext2.js]
[kamleshyadav.com/html/portfolio/html/bootstrap5/color_version/assets/js/isotope.pkgd.min.js]
[kamleshyadav.com/html/portfolio/html/bootstrap5/color_version/assets/js/jquery.magnific-popup.min.js]
[kamleshyadav.com/html/portfolio/html/bootstrap5/color_version/assets/js/swiper.min.js]
[kamleshyadav.com/html/portfolio/html/bootstrap5/color_version/assets/js/circle-progress.js]
[kamleshyadav.com/html/portfolio/html/bootstrap5/color_version/assets/js/jquery-jvectormap.min.js]
[kamleshyadav.com/html/portfolio/html/bootstrap5/color_version/assets/js/jquery-jvectormap-world-mill.js]
[kamleshyadav.com/html/portfolio/html/bootstrap5/color_version/assets/js/scrollbar.js]
[kamleshyadav.com/html/portfolio/html/bootstrap5/color_version/assets/js/custom.js]
[kamleshyadav.com/cdn-cgi/scripts/7d0fa10a/cloudflare-static/rocket-loader.min.js]
[kamleshyadav.com/html/portfolio/html/bootstrap5/color_version/index.html]
[kamleshyadav.com/html/portfolio/html/bootstrap5/color_version/assets/css/bootstrap.min.css]
[kamleshyadav.com/cdn-cgi/challenge-platform/h/b/scripts/jsd/5783333ceb22/maind41d.js]
[kamleshyadav.com/html/portfolio/html/bootstrap5/color_version/assets/webfonts/fa-brands-400.eot]
[kamleshyadav.com/html/portfolio/html/bootstrap5/color_version/assets/webfonts/fa-brands-400d41d.eot]
[kamleshyadav.com/html/portfolio/html/bootstrap5/color_version/assets/webfonts/fa-brands-400.woff2]
[kamleshyadav.com/html/portfolio/html/bootstrap5/color_version/assets/webfonts/fa-brands-400.woff]
[kamleshyadav.com/html/portfolio/html/bootstrap5/color_version/assets/webfonts/fa-brands-400.ttf]
[kamleshyadav.com/html/portfolio/html/bootstrap5/color_version/assets/webfonts/fa-brands-400.svg]
[kamleshyadav.com/html/portfolio/html/bootstrap5/color_version/assets/webfonts/fa-regular-400.eot]
[kamleshyadav.com/html/portfolio/html/bootstrap5/color_version/assets/webfonts/fa-regular-400d41d.eot]
[kamleshyadav.com/html/portfolio/html/bootstrap5/color_version/assets/webfonts/fa-regular-400.woff2]
[kamleshyadav.com/html/portfolio/html/bootstrap5/color_version/assets/webfonts/fa-regular-400.woff]
[kamleshyadav.com/html/portfolio/html/bootstrap5/color_version/assets/webfonts/fa-regular-400.ttf]
[kamleshyadav.com/html/portfolio/html/bootstrap5/color_version/assets/webfonts/fa-regular-400.svg]
[kamleshyadav.com/html/portfolio/html/bootstrap5/color_version/assets/webfonts/fa-solid-900.eot]
[kamleshyadav.com/html/portfolio/html/bootstrap5/color_version/assets/webfonts/fa-solid-900d41d.eot]
[kamleshyadav.com/html/portfolio/html/bootstrap5/color_version/assets/webfonts/fa-solid-900.woff2]
[kamleshyadav.com/html/portfolio/html/bootstrap5/color_version/assets/webfonts/fa-solid-900.woff]
[kamleshyadav.com/html/portfolio/html/bootstrap5/color_version/assets/webfonts/fa-solid-900.ttf]
[kamleshyadav.com/html/portfolio/html/bootstrap5/color_version/assets/css/all.min.css]
[kamleshyadav.com/html/portfolio/html/bootstrap5/color_version/assets/css/font.css]
[kamleshyadav.com/html/portfolio/html/bootstrap5/color_version/assets/css/animate.css]
[kamleshyadav.com/html/portfolio/html/bootstrap5/color_version/assets/css/magnific-popup.css]
[kamleshyadav.com/html/portfolio/html/bootstrap5/color_version/assets/css/swiper.min.css]
[kamleshyadav.com/html/portfolio/html/bootstrap5/color_version/assets/css/jquery-jvectormap-2.0.3.css]
[kamleshyadav.com/html/portfolio/html/bootstrap5/color_version/assets/images/banner_bg.png]
[kamleshyadav.com/html/portfolio/html/bootstrap5/color_version/assets/css/style.css]
[kamleshyadav.com/html/portfolio/html/bootstrap5/color_version/assets/webfonts/fa-solid-900.svg]
[kamleshyadav.com/html/portfolio/html/bootstrap5/color_version/assets/css/mCSB_buttons.48.delayed]
[kamleshyadav.com/html/portfolio/html/bootstrap5/color_version/assets/css/scrollbar.css]
[kamleshyadav.com/html/portfolio/html/bootstrap5/color_version/assets/images/port_singleblog01.jpg]
[kamleshyadav.com/html/portfolio/html/bootstrap5/color_version/assets/images/singleblog_user01.png]
[kamleshyadav.com/html/portfolio/html/bootstrap5/color_version/assets/images/singleblog_user02.png]
[kamleshyadav.com/html/portfolio/html/bootstrap5/color_version/assets/images/singleblog_user03.png]
[kamleshyadav.com/html/portfolio/html/bootstrap5/color_version/assets/images/blog_insta01.jpg]
[kamleshyadav.com/html/portfolio/html/bootstrap5/color_version/assets/images/blog_insta02.jpg]
[kamleshyadav.com/html/portfolio/html/bootstrap5/color_version/assets/images/blog_insta03.jpg]
[kamleshyadav.com/html/portfolio/html/bootstrap5/color_version/assets/images/blog_insta04.jpg]
[kamleshyadav.com/html/portfolio/html/bootstrap5/color_version/assets/images/blog_insta05.jpg]
[kamleshyadav.com/html/portfolio/html/bootstrap5/color_version/assets/images/blog_insta06.jpg]
[kamleshyadav.com/html/portfolio/html/bootstrap5/color_version/blog.html]
[kamleshyadav.com/html/portfolio/html/bootstrap5/color_version/assets/webfonts/fa-brands-400.svg]
[kamleshyadav.com/html/portfolio/html/bootstrap5/color_version/assets/webfonts/fa-regular-400.svg]
[kamleshyadav.com/html/portfolio/html/bootstrap5/color_version/assets/webfonts/fa-solid-900.svg]
[kamleshyadav.com/html/portfolio/html/bootstrap5/color_version/assets/css/mCSB_buttons.html]
